PS C:\Users\aucle\OneDrive\Documents\DAM_DORANCO\06 - HTML+\CORRECTION> git clone https://github.com/ambre93/formation-git.git
Cloning into 'formation-git'...
warning: You appear to have cloned an empty repository.
PS C:\Users\aucle\OneDrive\Documents\DAM_DORANCO\06 - HTML+\CORRECTION> cd ..



Mode                 LastWriteTime         Length Name
d-----        11/03/2021     09:52                09-GIT
PS C:\Users\aucle\OneDrive\Documents\DAM_DORANCO> cd 09*
PS C:\Users\aucle\OneDrive\Documents\DAM_DORANCO\09-GIT> git clone https://github.com/ambre93/formation-git.git
Cloning into 'formation-git'...
warning: You appear to have cloned an empty repository.
PS C:\Users\aucle\OneDrive\Documents\DAM_DORANCO\09-GIT> git status
fatal: not a git repository (or any of the parent directories): .git
PS C:\Users\aucle\OneDrive\Documents\DAM_DORANCO\09-GIT> git status


    Répertoire : C:\Users\aucle\OneDrive\Documents\DAM_DORANCO\09-GIT


Mode                 LastWriteTime         Length Name
----                 -------------         ------ ----
da---l        11/03/2021     09:52                formation-git


PS C:\Users\aucle\OneDrive\Documents\DAM_DORANCO\09-GIT> cd formation-git
PS C:\Users\aucle\OneDrive\Documents\DAM_DORANCO\09-GIT\formation-git> git status
On branch master

No commits yet

nothing to commit (create/copy files and use "git add" to track)
PS C:\Users\aucle\OneDrive\Documents\DAM_DORANCO\09-GIT\formation-git> 


"Bonjour je suis sur GIT"

PS C:\Users\aucle\OneDrive\Documents\DAM_DORANCO\09-GIT\formation-git> git status
On branch master

No commits yet

Untracked files:
  (use "git add <file>..." to include in what will be committed)
        index.txt

nothing added to commit but untracked files present (use "git add" to track)
PS C:\Users\aucle\OneDrive\Documents\DAM_DORANCO\09-GIT\formation-git> git add index.txt
-- ajouter tous les fichiers modifiés
PS C:\Users\aucle\OneDrive\Documents\DAM_DORANCO\09-GIT\formation-git> git add .

PS C:\Users\aucle\OneDrive\Documents\DAM_DORANCO\09-GIT\formation-git> git commit -m "Mon premier Commit"
[master (root-commit) 66b9e24] Mon premier Commit
 1 file changed, 51 insertions(+)
 create mode 100644 index.txt
PS C:\Users\aucle\OneDrive\Documents\DAM_DORANCO\09-GIT\formation-git> git push
info: please complete authentication in your browser...
Enumerating objects: 3, done.
Counting objects: 100% (3/3), done.
Delta compression using up to 4 threads
Compressing objects: 100% (2/2), done.
Writing objects: 100% (3/3), 784 bytes | 78.00 KiB/s, done.
Total 3 (delta 0), reused 0 (delta 0), pack-reused 0
To https://github.com/ambre93/formation-git.git
 * [new branch]      master -> master

-- git fetch pour voir si modification
-- si modif git commit
